Loading genome:			0.53088 sec
Building genome index:		91.3615 sec
Dumping genome index:		0.236325 sec
