Threads count:			1
Loading genome index:		0.661766 sec
Loading reads:			0.115896 sec
Reads count:			100000
Seeds count:			600000
Mapping time:			0.863701 sec
Hits count:			1130250
