Threads count:			8
Loading genome index:		3.07527 sec
Loading reads:			0.234579 sec
Reads count:			200000
Seeds count:			1200000
Mapping time:			0.441783 sec
Hits count:			2252361298
