Threads count:			8
Loading genome index:		0.660622 sec
Loading reads:			0.115732 sec
Reads count:			100000
Seeds count:			600000
Mapping time:			0.161504 sec
Hits count:			1130250
