Threads count:			1
Free 12190 of 12287 MB
Loading genome index:		0.155726 sec
Free 12070 of 12287 MB
Loading reads:			0.240715 sec
Reads count:			200000
Seeds count:			1200000
Mapping time:			0.0522559 sec
Hits count:			2284483
