Threads count:			1
Loading genome index:		18.7097 sec
Loading reads:			0.228435 sec
Reads count:			200000
Seeds count:			1200000
Mapping time:			2.3761 sec
Hits count:			3204018803
