Threads count:			1
Loading genome index:		18.7081 sec
Loading reads:			0.230762 sec
Reads count:			200000
Free 12191 of 12287 MB
Free 3973 of 12287 MB
Seeds count:			1200000
Mapping time:			0.0737602 sec
Hits count:			3204018803
